[htmldemo.hasthemes.com/furns/furns/index.html]
[backblue.gif]
[fade.gif]
[index.html]
[htmldemo.hasthemes.com/furns/furns/assets/images/favicon/favicon.png]
[htmldemo.hasthemes.com/furns/furns/assets/css/vendor/vendor.min.css]
[htmldemo.hasthemes.com/furns/furns/assets/css/plugins/plugins.min.css]
[htmldemo.hasthemes.com/furns/furns/assets/images/logo/logo.png]
[htmldemo.hasthemes.com/furns/furns/assets/css/style.min.css]
[htmldemo.hasthemes.com/furns/furns/my-account.html]
[htmldemo.hasthemes.com/furns/furns/checkout.html]
[htmldemo.hasthemes.com/furns/furns/login.html]
[htmldemo.hasthemes.com/furns/furns/index-2.html]
[htmldemo.hasthemes.com/furns/furns/about.html]
[htmldemo.hasthemes.com/furns/furns/shop-3-column.html]
[htmldemo.hasthemes.com/furns/furns/shop-4-column.html]
[htmldemo.hasthemes.com/furns/furns/shop-left-sidebar.html]
[htmldemo.hasthemes.com/furns/furns/shop-right-sidebar.html]
[htmldemo.hasthemes.com/furns/furns/single-product.html]
[htmldemo.hasthemes.com/furns/furns/single-product-variable.html]
[htmldemo.hasthemes.com/furns/furns/single-product-affiliate.html]
[htmldemo.hasthemes.com/furns/furns/single-product-group.html]
[htmldemo.hasthemes.com/furns/furns/single-product-tabstyle-2.html]
[htmldemo.hasthemes.com/furns/furns/single-product-tabstyle-3.html]
[htmldemo.hasthemes.com/furns/furns/single-product-slider.html]
[htmldemo.hasthemes.com/furns/furns/single-product-gallery-left.html]
[htmldemo.hasthemes.com/furns/furns/single-product-gallery-right.html]
[htmldemo.hasthemes.com/furns/furns/single-product-sticky-left.html]
[htmldemo.hasthemes.com/furns/furns/single-product-sticky-right.html]
[htmldemo.hasthemes.com/furns/furns/cart.html]
[htmldemo.hasthemes.com/furns/furns/compare.html]
[htmldemo.hasthemes.com/furns/furns/wishlist.html]
[htmldemo.hasthemes.com/furns/furns/empty-cart.html]
[htmldemo.hasthemes.com/furns/furns/assets/images/banner/3.jpg]
[htmldemo.hasthemes.com/furns/furns/assets/images/banner/4.jpg]
[htmldemo.hasthemes.com/furns/furns/404.html]
[htmldemo.hasthemes.com/furns/furns/privacy-policy.html]
[htmldemo.hasthemes.com/furns/furns/faq.html]
[htmldemo.hasthemes.com/furns/furns/coming-soon.html]
[htmldemo.hasthemes.com/furns/furns/blog-grid-left-sidebar.html]
[htmldemo.hasthemes.com/furns/furns/blog-grid-right-sidebar.html]
[htmldemo.hasthemes.com/furns/furns/blog-list-left-sidebar.html]
[htmldemo.hasthemes.com/furns/furns/blog-list-right-sidebar.html]
[htmldemo.hasthemes.com/furns/furns/blog-single-right-sidebar.html]
[htmldemo.hasthemes.com/furns/furns/blog-single-left-sidebar.html]
[htmldemo.hasthemes.com/furns/furns/assets/images/product-image/1.jpg]
[htmldemo.hasthemes.com/furns/furns/contact.html]
[htmldemo.hasthemes.com/furns/furns/assets/images/product-image/2.jpg]
[htmldemo.hasthemes.com/furns/furns/assets/images/product-image/3.jpg]
[htmldemo.hasthemes.com/furns/furns/assets/images/slider-image/slider-1.png]
[htmldemo.hasthemes.com/furns/furns/assets/images/slider-image/slider-2.png]
[htmldemo.hasthemes.com/furns/furns/assets/images/icons/1.png]
[htmldemo.hasthemes.com/furns/furns/assets/images/icons/2.png]
[htmldemo.hasthemes.com/furns/furns/assets/images/icons/3.png]
[htmldemo.hasthemes.com/furns/furns/assets/images/icons/4.png]
[htmldemo.hasthemes.com/furns/furns/assets/images/icons/5.png]
[htmldemo.hasthemes.com/furns/furns/assets/images/product-image/4.jpg]
[htmldemo.hasthemes.com/furns/furns/assets/images/product-image/5.jpg]
[htmldemo.hasthemes.com/furns/furns/assets/images/product-image/6.jpg]
[htmldemo.hasthemes.com/furns/furns/assets/images/product-image/7.jpg]
[htmldemo.hasthemes.com/furns/furns/assets/images/product-image/8.jpg]
[htmldemo.hasthemes.com/furns/furns/assets/images/product-image/9.jpg]
[htmldemo.hasthemes.com/furns/furns/assets/images/product-image/10.jpg]
[htmldemo.hasthemes.com/furns/furns/assets/images/product-image/11.jpg]
[htmldemo.hasthemes.com/furns/furns/assets/images/product-image/12.jpg]
[htmldemo.hasthemes.com/furns/furns/assets/images/product-image/13.jpg]
[htmldemo.hasthemes.com/furns/furns/assets/images/product-image/14.jpg]
[htmldemo.hasthemes.com/furns/furns/assets/images/product-image/15.jpg]
[htmldemo.hasthemes.com/furns/furns/assets/images/product-image/16.jpg]
[htmldemo.hasthemes.com/furns/furns/assets/images/banner/1.jpg]
[htmldemo.hasthemes.com/furns/furns/assets/images/banner/2.jpg]
[htmldemo.hasthemes.com/furns/furns/assets/images/blog-image/1.jpg]
[htmldemo.hasthemes.com/furns/furns/assets/images/blog-image/2.jpg]
[htmldemo.hasthemes.com/furns/furns/assets/images/blog-image/3.jpg]
[htmldemo.hasthemes.com/furns/furns/assets/images/blog-image/4.jpg]
[htmldemo.hasthemes.com/furns/furns/assets/images/instragram-image/1.png]
[htmldemo.hasthemes.com/furns/furns/assets/images/instragram-image/2.png]
[htmldemo.hasthemes.com/furns/furns/assets/images/instragram-image/3.png]
[htmldemo.hasthemes.com/furns/furns/assets/images/instragram-image/4.png]
[htmldemo.hasthemes.com/furns/furns/assets/images/icons/payment.png]
[htmldemo.hasthemes.com/furns/furns/assets/js/vendor/vendor.min.js]
[htmldemo.hasthemes.com/furns/furns/assets/js/main.js]
[htmldemo.hasthemes.com/furns/furns/index.html]
[htmldemo.hasthemes.com/furns/furns/assets/fonts/ionicons/ionicons28b5.ttf]
[htmldemo.hasthemes.com/furns/furns/assets/js/plugins/plugins.min.js]
[htmldemo.hasthemes.com/furns/furns/assets/fonts/ionicons/ionicons28b5.eot]
[htmldemo.hasthemes.com/furns/furns/assets/fonts/ionicons/ionicons28b5.woff]
[htmldemo.hasthemes.com/furns/furns/assets/fonts/Simple-Line-Icons/Simple-Line-Iconsb26c.woff2]
[htmldemo.hasthemes.com/furns/furns/assets/fonts/Simple-Line-Icons/Simple-Line-Iconsb26c.eot]
[htmldemo.hasthemes.com/furns/furns/assets/fonts/Simple-Line-Icons/Simple-Line-Iconsb26c.ttf]
[htmldemo.hasthemes.com/furns/furns/assets/fonts/ionicons/ionicons28b5.svg]
[htmldemo.hasthemes.com/furns/furns/assets/fonts/Simple-Line-Icons/Simple-Line-Iconsb26c.woff]
[htmldemo.hasthemes.com/furns/furns/assets/css/vendor/vendor.min.css]
[htmldemo.hasthemes.com/furns/furns/assets/css/plugins/images/ui-icons_444444_256x240.png]
[htmldemo.hasthemes.com/furns/furns/assets/fonts/Simple-Line-Icons/Simple-Line-Iconsb26c.svg]
[htmldemo.hasthemes.com/furns/furns/assets/css/plugins/images/ui-icons_555555_256x240.png]
[htmldemo.hasthemes.com/furns/furns/assets/css/plugins/images/ui-icons_ffffff_256x240.png]
[htmldemo.hasthemes.com/furns/furns/assets/css/plugins/images/ui-icons_777620_256x240.png]
[htmldemo.hasthemes.com/furns/furns/assets/css/plugins/images/ui-icons_cc0000_256x240.png]
[htmldemo.hasthemes.com/furns/furns/assets/css/plugins/images/ui-icons_777777_256x240.png]
[htmldemo.hasthemes.com/furns/furns/assets/css/plugins/plugins.min.css]
[htmldemo.hasthemes.com/furns/furns/assets/css/style.min.css]
[htmldemo.hasthemes.com/furns/furns/my-account.html]
[htmldemo.hasthemes.com/furns/furns/checkout.html]
[htmldemo.hasthemes.com/furns/furns/login.html]
[htmldemo.hasthemes.com/furns/furns/assets/images/slider-image/slider-2-1.jpg]
[htmldemo.hasthemes.com/furns/furns/assets/images/slider-image/slider-2-2.jpg]
[htmldemo.hasthemes.com/furns/furns/assets/images/banner/5.jpg]
[htmldemo.hasthemes.com/furns/furns/assets/images/banner/6.jpg]
[htmldemo.hasthemes.com/furns/furns/assets/images/banner/7.jpg]
[htmldemo.hasthemes.com/furns/furns/index-2.html]
[htmldemo.hasthemes.com/furns/furns/assets/images/about-image/1.jpg]
[htmldemo.hasthemes.com/furns/furns/assets/images/banner/8.jpg]
[htmldemo.hasthemes.com/furns/furns/assets/images/banner/9.jpg]
[htmldemo.hasthemes.com/furns/furns/assets/images/banner/10.jpg]
[htmldemo.hasthemes.com/furns/furns/assets/images/team/leader1.png]
[htmldemo.hasthemes.com/furns/furns/assets/images/team/leader2.png]
[htmldemo.hasthemes.com/furns/furns/assets/images/team/leader3.png]
[htmldemo.hasthemes.com/furns/furns/assets/images/team/leader4.png]
[htmldemo.hasthemes.com/furns/furns/assets/images/company-logo/company-logo-1.png]
[htmldemo.hasthemes.com/furns/furns/assets/images/company-logo/company-logo-2.png]
[htmldemo.hasthemes.com/furns/furns/assets/images/company-logo/company-logo-3.png]
[htmldemo.hasthemes.com/furns/furns/assets/images/company-logo/company-logo-4.png]
[htmldemo.hasthemes.com/furns/furns/assets/images/company-logo/company-logo-5.png]
[htmldemo.hasthemes.com/furns/furns/assets/images/company-logo/company-logo-6.png]
[htmldemo.hasthemes.com/furns/furns/assets/images/company-logo/company-logo-7.png]
[htmldemo.hasthemes.com/furns/furns/assets/images/company-logo/company-logo-8.png]
[htmldemo.hasthemes.com/furns/furns/about.html]
[htmldemo.hasthemes.com/furns/furns/shop-3-column.html]
[htmldemo.hasthemes.com/furns/furns/shop-4-column.html]
[htmldemo.hasthemes.com/furns/furns/shop-left-sidebar.html]
[htmldemo.hasthemes.com/furns/furns/shop-right-sidebar.html]
[htmldemo.hasthemes.com/furns/furns/assets/images/product-image/zoom-image/1.jpg]
[htmldemo.hasthemes.com/furns/furns/assets/images/product-image/zoom-image/2.jpg]
[htmldemo.hasthemes.com/furns/furns/assets/images/product-image/zoom-image/3.jpg]
[htmldemo.hasthemes.com/furns/furns/assets/images/product-image/zoom-image/4.jpg]
[htmldemo.hasthemes.com/furns/furns/assets/images/product-image/zoom-image/5.jpg]
[htmldemo.hasthemes.com/furns/furns/assets/images/icons/policy.png]
[htmldemo.hasthemes.com/furns/furns/assets/images/icons/policy-2.png]
[htmldemo.hasthemes.com/furns/furns/assets/images/icons/policy-3.png]
[htmldemo.hasthemes.com/furns/furns/assets/images/review-image/1.png]
[htmldemo.hasthemes.com/furns/furns/assets/images/review-image/2.png]
[htmldemo.hasthemes.com/furns/furns/single-product.html]
[htmldemo.hasthemes.com/furns/furns/single-product-variable.html]
[htmldemo.hasthemes.com/furns/furns/single-product-affiliate.html]
[htmldemo.hasthemes.com/furns/furns/single-product-group.html]
[htmldemo.hasthemes.com/furns/furns/single-product-tabstyle-2.html]
[htmldemo.hasthemes.com/furns/furns/single-product-tabstyle-3.html]
[htmldemo.hasthemes.com/furns/furns/single-product-slider.html]
[htmldemo.hasthemes.com/furns/furns/single-product-gallery-left.html]
[htmldemo.hasthemes.com/furns/furns/single-product-gallery-right.html]
[htmldemo.hasthemes.com/furns/furns/single-product-sticky-left.html]
[htmldemo.hasthemes.com/furns/furns/single-product-sticky-right.html]
[htmldemo.hasthemes.com/furns/furns/cart.html]
[htmldemo.hasthemes.com/furns/furns/compare.html]
[htmldemo.hasthemes.com/furns/furns/wishlist.html]
[htmldemo.hasthemes.com/furns/furns/empty-cart.html]
[htmldemo.hasthemes.com/furns/furns/404.html]
[htmldemo.hasthemes.com/furns/furns/privacy-policy.html]
[htmldemo.hasthemes.com/furns/furns/faq.html]
[htmldemo.hasthemes.com/furns/furns/assets/images/logo/logo-white.png]
[htmldemo.hasthemes.com/furns/furns/coming-soon.html]
[htmldemo.hasthemes.com/furns/furns/assets/images/icons/icon-youtube-play.png]
[htmldemo.hasthemes.com/furns/furns/blog-grid-left-sidebar.html]
[htmldemo.hasthemes.com/furns/furns/blog-grid-right-sidebar.html]
[htmldemo.hasthemes.com/furns/furns/blog-list-left-sidebar.html]
[htmldemo.hasthemes.com/furns/furns/blog-list-right-sidebar.html]
[htmldemo.hasthemes.com/furns/furns/assets/images/blog-image/single-blog.jpg]
[htmldemo.hasthemes.com/furns/furns/blog-single-left-sidebar.html]
[htmldemo.hasthemes.com/furns/furns/blog-single-right-sidebar.html]
[htmldemo.hasthemes.com/furns/furns/contact.html]
[htmldemo.hasthemes.com/furns/furns/assets/fonts/ionicons/ionicons28b5.svg]
[htmldemo.hasthemes.com/furns/furns/assets/fonts/Simple-Line-Icons/Simple-Line-Iconsb26c.svg]
